"{\"id\": \"722\", \"url\": \"https://it.wikipedia.org/wiki?curid=722\", \"title\": \"Bernard Hinault\", \"text\": \"Bernard Hinault\n\nProfessionista su strada dal 1975 al 1986, soprannominato \\"le Blaireau\\" (\\"il Tasso\\"), è stato uno dei più grandi campioni della storia del ciclismo, il primo (soltanto <a href=\\"Alberto%20Contador\\">Alberto Contador</a> vi riuscì successivamente) ad aver vinto almeno due volte tutte e tre le <a href=\\"Grande%20Giro\\">grandi corse a tappe</a> ciclistiche (<a href=\\"Tour%20de%20France\\">Tour de France</a>, <a href=\\"Giro%20d%27Italia\\">Giro d'Italia</a> e <a href=\\"Vuelta%20a%20Espa%C3%B1a\\">Vuelta a España</a>), e uno dei sette ad averle vinte almeno una volta, essendosi aggiudicato infatti cinque Tour de France (<a href=\\"Tour%20de%20France%201978\\">1978</a>, <a href=\\"Tour%20de%20France%201979\\">1979</a>, <a href=\\"Tour%20de%20France%201981\\">1981</a>, <a href=\\"Tour%20de%20France%201982\\">1982</a> e <a href=\\"Tour%20de%20France%201985\\">1985</a>), tre Giri d'Italia (<a href=\\"Giro%20d%27Italia%201980\\">1980</a>, <a href=\\"Giro%20d%27Italia%201982\\">1982</a> e <a href=\\"Giro%20d%27Italia%201985\\">1985</a>) e due Vuelta a España (<a href=\\"Vuelta%20a%20Espa%C3%B1a%201978\\">1978</a> e <a href=\\"Vuelta%20a%20Espa%C3%B1a%201983\\">1983</a>), centrando nel 1978 l'accoppiata Tour-Vuelta, riuscita solo a lui, <a href=\\"Jacques%20Anquetil\\">Jacques Anquetil</a> e <a href=\\"Chris%20Froome\\">Chris Froome</a>. Vinse anche un <a href=\\"Campionati%20del%20mondo%20di%20ciclismo%20su%20strada\\">titolo mondiale professionisti</a> (nel <a href=\\"Campionati%20del%20mondo%20di%20ciclismo%20su%20strada%201980\\">1980</a>), oltre a una <a href=\\"Parigi-Roubaix\\">Parigi-Roubaix</a>, due <a href=\\"Giro%20di%20Lombardia\\">Giri di Lombardia</a> e due <a href=\\"Liegi-Bastogne-Liegi\\">Liegi-Bastogne-Liegi</a>: in totale ottenne, nei dodici anni di carriera da \\"pro\\", 216 vittorie.\n\nSection::::Carriera.\nSection::::I primi anni.\nTra gli allievi fu campione nazionale su strada ad <a href=\\"Arras\\">Arras</a> nel 1972, diciassettenne; due anni dopo tra i dilettanti si laureò campione nazionale dell'<a href=\\"inseguimento\\">inseguimento</a> individuale, titolo che seppe riconfermare anche nel 1975 e nel 1976. Passò professionista, appena ventenne, nel <a href=\\"1975\\">1975</a> con la <a href=\\"Gitane-Campagnolo\\">Gitane-Campagnolo</a>, squadra francese diretta dall'ex ciclista <a href=\\"Jean%20Stablinski\\">Jean Stablinski</a>. Il 21 aprile di quello stesso anno colse la prima vittoria tra i \\"professionisti\\", la classifica finale del <a href=\\"Circuit%20de%20la%20Sarthe%20%28ciclismo%29\\">Circuit de la Sarthe</a>, una breve corsa a tappe nei <a href=\\"Paesi%20della%20Loira\\">Paesi della Loira</a>. Il 1976 — anno in cui cominciò a vincere con più regolarità, ancora al Circuit de la Sarthe, alla <a href=\\"Parigi-Camembert\\">Parigi-Camembert</a>, al <a href=\\"Tour%20d%27Indre-et-Loire\\">Tour d'Indre-et-Loire</a>, al <a href=\\"Tour%20de%20l%27Aude\\">Tour de l'Aude</a>, tutte corse francesi — coincise con il suo esordio ai <a href=\\"Campionati%20del%20mondo%20di%20ciclismo%20su%20strada%201976\\">campionati mondiali su strada</a>, a <a href=\\"Ostuni\\">Ostuni</a>, prova nella quale fu sesto subito alle spalle di <a href=\\"Eddy%20Merckx\\">Eddy Merckx</a>; coincise anche con l'ingresso nello staff tecnico della Gitane di colui che sarà il direttore sportivo di Hinault per otto stagioni, quel <a href=\\"Cyrille%20Guimard\\">Cyrille Guimard</a> che nel 1972 aveva rivaleggiato proprio con Merckx al <a href=\\"Tour%20de%20France%201972\\">Tour de France</a> salvo poi ritirarsi.\n\nNel 1977 arrivano i primi trionfi fuori dai confini nazionali, con la vittoria nell'arco di sei giorni di due <a href=\\"classiche\\">classiche</a> <a href=\\"Belgio\\">belghe</a> di primaria importanza quali la <a href=\\"Gand-Wevelgem\\">Gand-Wevelgem</a> e, soprattutto, la <a href=\\"Liegi-Bastogne-Liegi\\">Liegi-Bastogne-Liegi</a>; nella Liegi, sotto una forte pioggia, fu abile a battere in una volata a due il più esperto <a href=\\"Andr%C3%A9%20Dierickx\\">André Dierickx</a> e a precedere di una decina di secondi un gruppetto capeggiato da <a href=\\"Roger%20De%20Vlaeminck\\">Roger De Vlaeminck</a> ed Eddy Merckx. Ai primi di giugno si aggiudicò un'altra corsa di grande prestigio, il <a href=\\"Crit%C3%A9rium%20du%20Dauphin%C3%A9%20Lib%C3%A9r%C3%A9\\">Critérium du Dauphiné Libéré</a>, superando in classifica nomi allora di grande rilievo come <a href=\\"Bernard%20Th%C3%A9venet\\">Bernard Thévenet</a>, <a href=\\"Lucien%20Van%20Impe\\">Lucien Van Impe</a>, <a href=\\"Joaquim%20Agostinho\\">Joaquim Agostinho</a> e ancora Merckx. Non selezionato per il <a href=\\"Tour%20de%20France%201977\\">Tour de France 1977</a>, poi vinto da Thévenet, chiuse quindi la stagione aggiudicandosi la prima di cinque <a href=\\"Grand%20Prix%20des%20Nations\\">Grand Prix des Nations</a>, storica prova a cronometro <a href=\\"parigi\\">parigi</a>na.\n\nSection::::L'era Hinault.\nSection::::Il 1978 e il 1979: i primi due Tour.\nL'anno 1978 fu quello della svolta, quando, vestendo la divisa della <a href=\\"Renault-Gitane\\">Renault-Gitane</a>, al primo tentativo conquistò sia la <a href=\\"Vuelta%20a%20Espa%C3%B1a%201978\\">Vuelta a España</a> sia il <a href=\\"Tour%20de%20France%201978\\">Tour de France</a>. Alla Vuelta si aggiudicò il cronoprologo e quattro frazioni, senza trovare grandi difficoltà, e la sua vittoria non fu mai in discussione. Prese la maglia a <a href=\\"Ferdi%20Van%20Den%20Haute\\">Ferdi Van Den Haute</a>, che l'aveva tenuta per nove giorni, dopo la dodicesima tappa e andò a trionfare con 2'52\\" sul capitano della <a href=\\"KAS%20%28ciclismo%29\\">KAS</a> <a href=\\"Jos%C3%A9%20Pesarrodona\\">José Pesarrodona</a>, già vincitore nel 1976, e 3'47\\" su <a href=\\"Jean-Ren%C3%A9%20Bernaudeau\\">Jean-René Bernaudeau</a>, suo compagno alla Renault. Non prese parte al <a href=\\"Giro%20d%27Italia%201978\\">Giro d'Italia</a> per arrivare in forma al Tour de France, tra i favoriti.\n\nGià un po' indietro in classifica dopo la cronosquadre, che la sua Renault concluse al quarto posto, vinse la crono di <a href=\\"Sainte-Foy-la-Grande\\">Sainte-Foy-la-Grande</a> e la \\"leadership\\" passò a <a href=\\"Joseph%20Bruy%C3%A8re\\">Joseph Bruyère</a>, secondo. All'<a href=\\"Alpe%20d%27Huez\\">Alpe d'Huez</a> vinse e vestì di giallo il <a href=\\"Belgio\\">belga</a> <a href=\\"Michel%20Pollentier\\">Michel Pollentier</a>, già trionfatore al <a href=\\"Giro%20d%27Italia%201977\\">Giro 1977</a>. Ma durante il controllo antidoping subito seguente, ecco il colpo di scena, con la squalifica del belga: era stato scoperto a usare una vescica artificiale, posta sotto la maglietta, contenente urina \\"pulita\\" da immettere nella provetta. <a href=\\"Joop%20Zoetemelk\\">Joop Zoetemelk</a> passò a condurre con soli 14\\" su Hinault; tale distacco rimase immutato fino alla terzultima frazione, la crono di <a href=\\"Nancy\\">Nancy</a>, quando il francese inflisse pesanti distacchi (3 minuti a <a href=\\"Joaquim%20Agostinho\\">Joaquim Agostinho</a> e 4 a Zoetemelk) operando il decisivo sorpasso e vestendo per la prima volta una maglia gialla che due giorni dopo porterà a <a href=\\"Parigi\\">Parigi</a>. Il mese seguente, ai <a href=\\"Campionati%20del%20mondo%20di%20ciclismo%20su%20strada%201978\\">campionati mondiali su strada</a> del <a href=\\"N%C3%BCrburgring\\">Nürburgring</a>, fu quindi protagonista di una fuga insieme all'olandese <a href=\\"Jan%20Raas\\">Jan Raas</a> e a <a href=\\"Giuseppe%20Saronni\\">Giuseppe Saronni</a>, ma i tre vennero ripresi in vista dell'ultimo giro; concluse la prova al quinto posto, mentre la vittoria andò a <a href=\\"Gerrie%20Knetemann\\">Gerrie Knetemann</a>, che beffò allo sprint l'altro italiano <a href=\\"Francesco%20Moser\\">Francesco Moser</a>.\n\nAprì il 1979 conquistando la <a href=\\"Freccia%20Vallone\\">Freccia Vallone</a> e classificandosi secondo, alle spalle di <a href=\\"Dietrich%20Thurau\\">Dietrich Thurau</a>, nella Liegi-Bastogne-Liegi. In maggio vinse di nuovo il Critérium du Dauphiné Libéré; in luglio si aggiudicò il <a href=\\"Tour%20de%20France%201979\\">Tour de France</a> per la seconda volta consecutiva, superando come nel 1978, nell'ordine, Joop Zoetemelk e lo scalatore <a href=\\"Portogallo\\">portoghese</a> Joaquim Agostinho. La gara fu caratterizzata della lunga lotta tra il francese e l'olandese: il primo prese la maglia gialla sui <a href=\\"Pirenei\\">Pirenei</a>, al terzo giorno, nella cronometro di <a href=\\"Superbagn%C3%A8res\\">Superbagnères</a>, e bissò l'indomani a <a href=\\"Pau%20%28Francia%29\\">Pau</a>, ma dovette cederla proprio a Zoetemelk nella nona tappa, a <a href=\\"Roubaix\\">Roubaix</a>, avendo perso più di 3 minuti a causa di una foratura sul <a href=\\"pav%C3%A9\\">pavé</a> (Agostinho ne perse 15). Seppe recuperare nelle cronometro seguenti, vincendole tutte e tre, e si riprese la maglia proprio dopo la prova contro il tempo di <a href=\\"Morzine\\">Morzine-Avoriaz</a>. Tenne sulle <a href=\\"Alpi\\">Alpi</a>, pur venendo staccato sull'Alpe d'Huez da Agostinho, e trionfò infine anche nelle ultime due tappe, quella di <a href=\\"Nogent-sur-Marne\\">Nogent-sur-Marne</a> e quella degli <a href=\\"Champs-%C3%89lys%C3%A9es\\">Champs-Élysées</a>. In quest'ultima batté Zoetemelk in volata ristretta dopo una fuga da lontano; l'olandese venne poi penalizzato di dieci minuti per positività a un controllo medico e il distacco finale tra i due risultò essere di 13'07\\".\n\nIn ottobre fece suo il <a href=\\"Giro%20di%20Lombardia\\">Giro di Lombardia</a>, con un attacco iniziato a 150 chilometri dal traguardo; unico a resistergli nella lunga fuga, ma poi colpito da crampi in vista del traguardo, fu il giovane <a href=\\"Silvano%20Contini\\">Silvano Contini</a> della <a href=\\"Bianchi-Faema\\">Bianchi-Faema</a>, mentre i principali rivali, <a href=\\"Giuseppe%20Saronni\\">Giuseppe Saronni</a> e Francesco Moser fra tutti, vennero colti di sorpresa al momento dello scatto.\n\nSection::::Il 1980: la vittoria al Giro e il titolo mondiale.\nNel 1980 fu protagonista di un'epica vittoria alla Liegi-Bastogne-Liegi: nell'occasione, in una gelida domenica di aprile caratterizzata da una bufera di neve, giunse primo solitario al traguardo con 9'24\\" sul secondo, l'olandese <a href=\\"Hennie%20Kuiper\\">Hennie Kuiper</a>. In maggio si presentò per la prima volta al <a href=\\"Giro%20d%27Italia%201980\\">Giro d'Italia</a>, e lo dominò nettamente, battendo Moser, Saronni, <a href=\\"Giovanni%20Battaglin\\">Battaglin</a> e <a href=\\"Gianbattista%20Baronchelli\\">Baronchelli</a>.\n\nUna prima svolta arrivò nella frazione con arrivo a <a href=\\"Roccaraso\\">Roccaraso</a>, quando lui e un sorprendente <a href=\\"Wladimiro%20Panizza\\">Wladimiro Panizza</a> staccarono tutti e andarono a prendersi rispettivamente tappa e maglia (Hinault saliva al secondo posto a 1'05\\"). Dopo alcune giornate interlocutorie con Panizza sempre in rosa, la ormai celebre frazione della scalata dello <a href=\\"Stelvio\\">Stelvio</a> sancì il sorpasso in classifica generale e permise al francese di ipotecare la vittoria. Importante fu la strategia della Renault-Elf diretta da Cyrille Guimard, che quel giorno mandò in fuga il luogotenente di Hinault, Jean-René Bernaudeau, con il compito — poi svolto ottimamente — di staccare gli altri fuggitivi, attendere il capitano e scortarlo fino al traguardo di Sondrio. La vittoria di tappa venne lasciata a Bernaudeau, e i due diedero al traguardo più di 4 minuti ai primi inseguitori: tra essi lo stesso \\"Miro\\" Panizza, che alla fine sarà comunque secondo a <a href=\\"Milano\\">Milano</a>.\n\nDue mesi dopo al <a href=\\"Tour%20de%20France%201980\\">Tour de France</a>, pur da principale favorito e in cerca del terzo trionfo, si ritirò, nel celebre episodio della fuga notturna dall'albergo di Pau. Aveva già vinto il cronoprologo, la cronometro di <a href=\\"Spa-Francorchamps\\">Spa-Francorchamps</a> e la tappa di <a href=\\"Lilla%20%28Francia%29\\">Lilla</a>, e stava vestendo la <a href=\\"maglia%20gialla\\">maglia gialla</a> dopo averla presa nell'altra cronometro di <a href=\\"Laplume\\">Laplume</a>. Era la vigilia delle prime montagne, nella fattispecie del tappone <a href=\\"Pirenei\\">pirenaico</a>, quello da Pau a <a href=\\"Luchon\\">Luchon</a> con i celebri colli dell'<a href=\\"Colle%20d%27Aubisque\\">Aubisque</a> e del <a href=\\"Colle%20del%20Tourmalet\\">Tourmalet</a>, e Hinault, già da alcuni giorni sofferente al ginocchio a causa di una tendinite, si presentò in serata agli organizzatori del Tour, <a href=\\"Jacques%20Goddet\\">Jacques Goddet</a> e <a href=\\"F%C3%A9lix%20Levitan\\">Félix Levitan</a>, annunciando loro il proprio ritiro; lasciò poi l'albergo quello stessa notte e, sicuramente per sfuggire ai giornalisti, invece che a casa sua in <a href=\\"Bretagna\\">Bretagna</a> trovò riparo a <a href=\\"Lourdes\\">Lourdes</a>, da <a href=\\"Huber%20Arbes\\">Huber Arbes</a>, un suo gregario. Il simbolo del primato passò a Zoetemelk, che poi vincerà, per la prima e unica volta.\nSi disse molto, anche di una positività all'antidoping celata con la fuga, e alcuni parlarono già della fine di una parabola; in tutta risposta Hinault arrivò molto agguerrito a <a href=\\"Sallanches\\">Sallanches</a>, sulle <a href=\\"Alpi\\">Alpi</a> della <a href=\\"Savoia%20%28dipartimento%29\\">Savoia</a>, per il <a href=\\"Campionati%20del%20mondo%20di%20ciclismo%20su%20strada%201980\\">campionato mondiale su strada 1980</a>, quello che è considerato il più duro e selettivo di sempre: il circuito, da percorrere per 20 volte, prevedeva infatti una salita di ben 2,7 chilometri, la Côte de Domancy, con punte di pendenza del 14%. Curiosamente, pur addicendosi alle caratteristiche del campione francese, il tracciato era stato disegnato tre anni prima per favorire non lui, ma un ormai tramontato <a href=\\"Bernard%20Th%C3%A9venet\\">Bernard Thévenet</a>, che proprio nel 1977 aveva ottenuto la seconda vittoria al <a href=\\"Tour%20de%20France%201977\\">Tour de France</a>. Il mondiale si corse in una domenica soleggiata di fine agosto; la selezione, come previsto, riguardò numerosi elementi, e l'unico a tenere il passo di Hinault — si staccherà sull'ultimo passaggio della Côte — fu Gianbattista Baronchelli. All'arrivo il francese giunse solo e vittorioso, Baronchelli si classificò secondo a 1'01\\", terzo invece lo <a href=\\"Spagna\\">spagnolo</a> <a href=\\"Juan%20Fern%C3%A1ndez%20Mart%C3%ADn\\">Juan Fernández</a> a 4'25\\". Dei 107 partiti solo 15 arriveranno: tra i ritirati anche Thévenet, <a href=\\"Sean%20Kelly\\">Kelly</a>, Zoetemelk, Saronni e Moser.\n\nSection::::Il 1981 e il 1982: altri due Tour e il secondo Giro.\nNel 1981, in maglia iridata, conquistò la sua unica <a href=\\"Parigi-Roubaix\\">Parigi-Roubaix</a>, imponendosi in una volata lunga su \\"Monsieur Roubaix\\", il quattro volte vincitore <a href=\\"Roger%20De%20Vlaeminck\\">Roger De Vlaeminck</a>, e su altri quattro uomini, tra cui <a href=\\"Francesco%20Moser\\">Francesco Moser</a>. Era una corsa, la classica del \\"<a href=\\"pav%C3%A9\\">pavé</a>\\", che Hinault non amava e che considerava anacronistica e alla stregua di un <a href=\\"ciclocross\\">ciclocross</a>: pur tuttavia fu proprio lui in quell'edizione a riportare la Francia alla vittoria venticinque anni dopo <a href=\\"Louis%20Bobet\\">Louis Bobet</a> e a fermare a tre la striscia di successi consecutivi di Moser.\n\nIn luglio, vestendo l'arcobaleno come già aveva fatto <a href=\\"Eddy%20Merckx\\">Eddy Merckx</a>, si aggiudicò il suo terzo <a href=\\"Tour%20de%20France%201981\\">Tour de France</a>. Gareggiò da favorito e fu protagonista di un netto dominio, diversamente da quanto accaduto nel 1978 e nel 1979. Fece suo il prologo, cedette la maglia gialla dopo la prima cronosquadre (a Gerrie Knetemann prima e a <a href=\\"Phil%20Anderson\\">Phil Anderson</a> poi) e la riprese cinque giorni dopo vincendo la cronometro di Pau. Non la perderà più, la maglia, anzi si aggiudicherà altre tre tappe, due delle quali contro il tempo. Secondo si classificò Lucien Van Impe, il quale, già staccato di quasi 5 minuti dopo Pau, risultò colui che perse meno terreno, dimostrandosi però troppo inferiore a Hinault nelle tappe a cronometro; concluse a 14'34\\", terzo <a href=\\"Robert%20Alban\\">Robert Alban</a> a 17'04\\". Due mesi dopo, da campione in carica, il bretone si ripresentò ai <a href=\\"Campionati%20del%20mondo%20di%20ciclismo%20su%20strada%201981\\">mondiali su strada</a>. Il tracciato di <a href=\\"Praga\\">Praga</a> era molto facile, su larghi viali e con salite molto leggere, e la gara si risolse, come previsto, in volata: Hinault si classificò terzo, battuto da <a href=\\"Freddy%20Maertens\\">Maertens</a> e da Saronni.\n\nIl 1982 è l'anno della leggenda, con la vittoria di <a href=\\"Giro%20d%27Italia%201982\\">Giro d'Italia</a> e <a href=\\"Tour%20de%20France%201982\\">Tour de France</a> nello stesso anno, impresa riuscita fino ad allora a <a href=\\"Fausto%20Coppi\\">Fausto Coppi</a> (due volte), <a href=\\"Jacques%20Anquetil\\">Jacques Anquetil</a> e a Eddy Merckx (tre volte). Al Giro fu dominatore, soffrendo solo una volta, sul <a href=\\"Passo%20di%20Crocedomini\\">Passo di Crocedomini</a>, sotto il forcing delle tre punte della squadra di <a href=\\"Giancarlo%20Ferretti\\">Giancarlo Ferretti</a>, lo <a href=\\"Svezia\\">svedese</a> <a href=\\"Tommy%20Prim\\">Tommy Prim</a> e gli italiani Silvano Contini e <a href=\\"Gianbattista%20Baronchelli\\">Gianbattista Baronchelli</a> in forza alla <a href=\\"Bianchi-Piaggio\\">Bianchi-Piaggio</a>. Sue furono le tappe in linea di <a href=\\"Campitello%20Matese\\">Campitello Matese</a> e <a href=\\"Montecampione\\">Montecampione</a> e due cronometro, quella di <a href=\\"Assisi\\">Assisi</a> e quella finale da <a href=\\"Pinerolo\\">Pinerolo</a> a <a href=\\"Torino\\">Torino</a> vinta per 10 secondi su Moser: alla fine prevalse con 2'35\\" su Prim e 2'47\\" su Contini.\n\nAl Tour de France si impose per la quarta volta su cinque presenze, ma senza grandi battaglie, in maniera molto \\"pacifica\\" (per alcuni la corsa fu \\"noiosa\\" e la sua condotta \\"incolore\\"). Vinse il prologo di <a href=\\"Basilea\\">Basilea</a>, già all'indomani perse la maglia gialla a favore di <a href=\\"Ludo%20Peeters\\">Ludo Peeters</a>; a questi subentrò poi l'<a href=\\"australia\\">australia</a>no Phil Anderson, che sulle pianure condusse la classifica per una decina di giorni prima di cedere la \\"leadership\\" proprio a Hinault nella cronometro di <a href=\\"Valence-d%27Agen\\">Valence-d'Agen</a>, appena prima dei Pirenei. Da lì a Parigi, undici frazioni, il bretone in maglia gialla si limitò a controllare nelle tappe montuose, incrementando il proprio vantaggio solamente nelle due cronometro di <a href=\\"Martigues\\">Martigues</a> e <a href=\\"Saint-Priest%20%28Ard%C3%A8che%29\\">Saint-Priest</a>; un ultimo colpo lo riservò peraltro vincendo in volata sugli <a href=\\"Champs-%C3%89lys%C3%A9es\\">Champs-Élysées</a>, suo quarto successo in quell'edizione. A Parigi sul podio salirono quindi gli olandesi Zoetemelk, secondo per la sesta volta (un record), e <a href=\\"Johan%20van%20der%20Velde\\">Johan van der Velde</a>, staccati rispettivamente di 6'21\\" e 8'59\\".\n\nIn agosto, al <a href=\\"Campionati%20del%20mondo%20di%20ciclismo%20su%20strada%201982\\">campionati mondiali su strada</a> di <a href=\\"Circuito%20di%20Goodwood\\">Goodwood</a>, nel <a href=\\"Regno%20Unito\\">Regno Unito</a>, si presentava tra i favoriti, con l'obiettivo di centrare il prestigioso tris Giro-Tour-Mondiale fino ad allora riuscito solo al \\"Cannibale\\" <a href=\\"Eddy%20Merckx\\">Eddy Merckx</a> (riuscirà nel 1987 anche a <a href=\\"Stephen%20Roche\\">Stephen Roche</a>). Dopo 160 dei 275 chilometri di un percorso prevalentemente pianeggiante, a sorpresa si dovette però ritirare, cianotico in volto e boccheggiante, stremato dopo una stagione oltremodo sfiancante; la maglia iridata andrà all'italiano Giuseppe Saronni, autore di un furibondo attacco negli ultimi 800 metri in lieve salita.\n\nSection::::Gli ultimi quattro anni: la doppietta Giro-Tour 1985.\nNella prima metà del 1983 vinse per la seconda volta sia la Freccia Vallone sia, alla seconda partecipazione, la Vuelta a España. Quell'edizione, la 38ª, della Vuelta fu molto combattuta — a detta degli stessi organizzatori, una delle più belle e spettacolari di sempre —, e si risolse solo al terzultimo giorno, nella tappa di <a href=\\"%C3%81vila\\">Ávila</a>, quando Hinault, aiutato sulle montagne da un giovane <a href=\\"Laurent%20Fignon\\">Laurent Fignon</a>, regolò i compagni di fuga <a href=\\"Marino%20Lejarreta\\">Marino Lejarreta</a> e <a href=\\"Vicente%20Belda\\">Vicente Belda</a> e inflisse più di venti minuti alla maglia oro <a href=\\"Juli%C3%A1n%20Gorospe\\">Julián Gorospe</a>. Il francese, che già aveva vinto la cronometro di <a href=\\"Valladolid\\">Valladolid</a>, andò a precedere di 1'12\\" in classifica lo stesso Lejarreta, già vincitore nel 1982. In luglio, afflitto da una <a href=\\"tendinite\\">tendinite</a> al ginocchio destro, non poté però prendere parte al <a href=\\"Tour%20de%20France%201983\\">Tour de France</a> per difendere il titolo. Il ruolo di capitano della Renault passò così al ventiduenne Laurent Fignon, che, seppur esordiente, seppe subito imporsi su <a href=\\"%C3%81ngel%20Arroyo\\">Ángel Arroyo</a> e <a href=\\"Peter%20Winnen\\">Peter Winnen</a> e giungere in maglia gialla a Parigi al termine di una corsa molto equilibrata.\n\nDopo essersi fatto operare al ginocchio nell'estate 1983, i dissapori con lo storico direttore sportivo Guimard — e quando comunque era chiaro che la Renault avrebbe puntato su Fignon, di sei anni più giovane, per i grandi giri — lo portarono a trasferirsi per l'anno a venire alla neonata <a href=\\"La%20Vie%20Claire%20%28ciclismo%29\\">La Vie Claire</a>, squadra costruita intorno a lui grazie agli importanti investimenti del manager <a href=\\"Bernard%20Tapie\\">Bernard Tapie</a>. Ritornato alle gare in quell'avvio di stagione e vittorioso in maggio alla <a href=\\"Quattro%20giorni%20di%20Dunkerque\\">Quattro giorni di Dunkerque</a>, prese quindi il via al <a href=\\"Tour%20de%20France%201984\\">Tour de France</a>, dopo l'assenza del 1983, con l'obiettivo di battere Fignon e di conseguire la quinta vittoria in sette anni. L'inferiorià rispetto al rivale, supportato da una squadra molto forte, risultò però evidente sia nelle prove a <a href=\\"Corsa%20a%20cronometro\\">cronometro</a>, dominate — eccetto il prologo — dallo stesso Fignon (che si impose a <a href=\\"Le%20Mans\\">Le Mans</a>, <a href=\\"Saint-Christophe-sur-Guiers\\">La Ruchère</a> e <a href=\\"Villefranche-sur-Sa%C3%B4ne\\">Villefranche</a>), che in salita, specialmente nelle frazioni dell'Alpe d'Huez e di <a href=\\"La%20Plagne\\">La Plagne</a>, in cui il distacco fra i due fu in entrambi i casi di circa 3 minuti. Di ben 10 minuti e 32 secondi fu invece il margine finale tra Fignon e Hinault, secondo classificato davanti allo <a href=\\"Stati%20Uniti%20d%27America\\">statunitense</a> <a href=\\"Greg%20LeMond\\">Greg LeMond</a>, anch'egli della Renault. Il bretone si rifece comunque parzialmente nel finale di stagione, vincendo <a href=\\"Grand%20Prix%20des%20Nations\\">Grand Prix des Nations</a>, <a href=\\"Trofeo%20Baracchi\\">Trofeo Baracchi</a> (in coppia con Moser) e, per la seconda volta, il Giro di Lombardia.\n\nRitornò veramente grande nel 1985, ormai trentenne. Con una squadra a suo completo servizio fu in grado di fare suoi sia <a href=\\"Giro%20d%27Italia%201985\\">Giro d'Italia</a> che <a href=\\"Tour%20de%20France%201985\\">Tour de France</a>, andando a realizzare la seconda doppietta in carriera. La corsa italiana la vinse per la terza volta su tre partecipazioni, e anche su un percorso con poche montagne (un \\"Giro dei tunnel anziché delle vette\\" si disse) riuscì ad avere la meglio su un Francesco Moser favorito dal tracciato privo di grandi asperità. Al Tour iscrisse il suo nome nell'albo d'oro per la quinta storica volta, eguagliando in tal modo due celeberrimi campioni come <a href=\\"Jacques%20Anquetil\\">Jacques Anquetil</a> e <a href=\\"Eddy%20Merckx\\">Eddy Merckx</a>, unici fino ad allora a essere riusciti nell'impresa. Da menzionare il grande sostegno che in quell'edizione gli diede in più occasioni il ventiquattrenne <a href=\\"Greg%20LeMond\\">Greg LeMond</a>, che proprio all'inizio della stagione, dopo aver firmato il primo contratto da un milione di dollari, aveva lasciato la stessa Renault per raggiungerlo alla La Vie Claire.\n\nNel 1986, già sul punto di porre fine a una grande carriera, concluse il <a href=\\"Tour%20de%20France%201986\\">Tour de France</a> in seconda posizione, alle spalle del compagno Greg LeMond. Come annunciato già un anno prima, per l'edizione 1986 della \\"Grande Boucle\\" Hinault si proponeva come gregario del giovane statunitense, con l'intenzione di lasciargli via libera nella corsa verso il titolo. Tuttavia, una volta iniziata la gara, il francese non rispettò pienamente i patti, e grazie alla vittoria nella cronometro di <a href=\\"Nantes\\">Nantes</a> e all'attacco con <a href=\\"Pedro%20Delgado\\">Pedro Delgado</a> nella prima tappa pirenaica, si portò in testa alla classifica con ben 5'25\\" su LeMond, ponendo una seria ipoteca sulla vittoria finale. La reazione del compagno-rivale non si fece attendere: l'indomani, nella salita verso <a href=\\"Superbagn%C3%A8res\\">Superbagnères</a>, LeMond inflisse 4'45\\" al francese, portandosi a soli 40 secondi di distacco. Hinault mantenne il primato sui Pirenei, ma già nella prima frazione alpina, a <a href=\\"Serre%20Chevalier\\">Serre Chevalier</a>, si staccò e dovette cedere la maglia a LeMond. I due della La Vie Claire furono comunque assoluti protagonisti il giorno dopo, quando staccarono tutti di cinque minuti e giunsero insieme, tenendosi per mano, sul traguardo dell'Alpe d'Huez (vinse Hinault): sul podio di Parigi occuperanno i primi due gradi del podio, con il francese, primo anche nella crono di Saint-Étienne, staccato di 3'10\\".\n\nNel mese seguente Hinault ottenne l'ultima vittoria in carriera, la <a href=\\"Coors%20Classic\\">Coors Classic</a>, gara a tappe nell'ovest degli Stati Uniti in preparazione al <a href=\\"campionati%20del%20mondo%20di%20ciclismo%20su%20strada%201986\\">campionati mondiali</a> di <a href=\\"Colorado%20Springs\\">Colorado Springs</a>; pur tra i favoriti, nella prova iridata, poi vinta dall'<a href=\\"italia\\">italia</a>no <a href=\\"Moreno%20Argentin\\">Moreno Argentin</a>, si classificò soltanto al cinquantanovesimo posto. Il 9 novembre, dopo la gara di ciclocross a <a href=\\"Quessoy\\">Quessoy</a>, diede l'addio alle corse.\n\nSection::::Palmarès.\nSection::::Strada.\n<templatestyles src=\\"Colonne/styles.css\\" />\n\nSection::::Altri successi.\n<templatestyles src=\\"Colonne/styles.css\\" />\n\nSection::::Pista.\nBULLET::::- <a href=\\"1975\\">1975</a>\nBULLET::::- <a href=\\"Campionato%20francese%20di%20ciclismo%20su%20pista\\">Campionato francese di ciclismo su pista</a>\nBULLET::::- <a href=\\"1976\\">1976</a>\nBULLET::::- <a href=\\"Campionato%20francese%20di%20ciclismo%20su%20pista\\">Campionato francese di ciclismo su pista</a>\nBULLET::::- <a href=\\"1977\\">1977</a>\nBULLET::::- <a href=\\"Campionato%20francese%20di%20ciclismo%20su%20pista\\">Campionato francese di ciclismo su pista</a>\n\nSection::::Ciclocross.\nBULLET::::- <a href=\\"1978\\">1978</a>\nBULLET::::- <a href=\\"Gran%20Premio%20di%20Creusot\\">Gran Premio di Creusot</a>\n\nSection::::Piazzamenti.\nSection::::Grandi Giri.\n<templatestyles src=\\"Colonne/styles.css\\" />\n\nSection::::Classiche monumento.\n<templatestyles src=\\"Colonne/styles.css\\" />\n\nSection::::Competizioni mondiali.\nBULLET::::- <a href=\\"Campionati%20del%20mondo%20di%20ciclismo%20su%20strada\\">Campionati del mondo</a>\n\nSection::::Riconoscimenti.\nBULLET::::- \\"Medaglia d'oro\\" dell'Accademia dello Sport nel 1978\nBULLET::::- \\"Premio Henry Deutsch de la Meurthe\\" dell'Accademia dello Sport nel 1979\nBULLET::::- \\"<a href=\\"Mendrisio%20d%27Oro\\">Mendrisio d'Oro</a>\\" del Velo Club Mendrisio nel 1979 e 1980\nBULLET::::- \\"Caveja d'Oro\\" del Pedale Fusignanese 2010\nBULLET::::- Inserito nella \\"Top 25 della Cycling Hall of Fame\\"\nBULLET::::- Inserito tra le \\"Gloire des Sport\\"\n\n\nSection::::Collegamenti esterni.\n \n\"}"
